core_cm7.h:2606:26:ITM_SendChar	16	static,ignoring_inline_asm
main.c:80:5:_write	32	static
main.c:100:5:main	96	static
main.c:189:6:SystemClock_Config	232	static
main.c:251:13:MX_ETH_Init	16	static
main.c:296:13:MX_I2C1_Init	8	static
main.c:342:13:MX_USART3_UART_Init	8	static
main.c:377:13:MX_USB_OTG_FS_PCD_Init	8	static
main.c:412:13:MX_GPIO_Init	56	static
main.c:469:6:Startblink01	16	static
main.c:491:6:Startblink02	16	static
main.c:511:6:Startblink03	16	static
main.c:532:6:StartTask_I2C	48	static
main.c:569:6:HAL_TIM_PeriodElapsedCallback	16	static
main.c:586:6:Error_Handler	4	static
